2023/08/07 18:25:13 [error] 19#19: *2 connect() failed (111: Connection refused) while connecting to upstream, client: 172.19.0.1, server: localhost, request: "GET /api/ HTTP/1.1", upstream: "http://172.19.0.5:8000/api/", host: "localhost"
2023/08/07 18:25:13 [error] 19#19: *2 open() "/etc/nginx/html/favicon.ico" failed (2: No such file or directory), client: 172.19.0.1, server: localhost, request: "GET /favicon.ico HTTP/1.1", host: "localhost", referrer: "http://localhost/api/"
2023/08/07 18:25:16 [error] 19#19: *2 "/etc/nginx/html/index.html" is not found (2: No such file or directory), client: 172.19.0.1, server: localhost, request: "GET / HTTP/1.1", host: "localhost"
2023/08/07 18:25:20 [error] 19#19: *2 connect() failed (111: Connection refused) while connecting to upstream, client: 172.19.0.1, server: localhost, request: "GET /api/ HTTP/1.1", upstream: "http://172.19.0.5:8000/api/", host: "localhost"
2023/08/07 18:25:33 [error] 19#19: *2 connect() failed (111: Connection refused) while connecting to upstream, client: 172.19.0.1, server: localhost, request: "GET /admin/ HTTP/1.1", upstream: "http://172.19.0.5:8000/admin/", host: "localhost"
2023/08/07 19:12:02 [error] 26#26: *19 open() "/etc/nginx/html/swagger" failed (2: No such file or directory), client: 172.19.0.1, server: localhost, request: "GET /swagger HTTP/1.1", host: "localhost"
2023/08/07 19:25:42 [error] 21#21: *2 connect() failed (113: Host is unreachable) while connecting to upstream, client: 172.19.0.1, server: localhost, request: "GET /api/swagger/ HTTP/1.1", upstream: "http://172.19.0.5:8000/api/swagger/", host: "localhost"
2023/08/07 19:30:48 [error] 26#26: *20 "/etc/nginx/html/accounts/login/index.html" is not found (2: No such file or directory), client: 172.19.0.1, server: localhost, request: "GET /accounts/login/?next=/api/swagger/ HTTP/1.1", host: "localhost", referrer: "http://localhost/api/swagger/"
2023/08/07 19:30:52 [error] 26#26: *20 "/etc/nginx/html/accounts/login/index.html" is not found (2: No such file or directory), client: 172.19.0.1, server: localhost, request: "GET /accounts/login/?next=/api/swagger/ HTTP/1.1", host: "localhost", referrer: "http://localhost/api/swagger/"
2023/08/07 19:31:23 [error] 26#26: *20 "/etc/nginx/html/accounts/login/index.html" is not found (2: No such file or directory), client: 172.19.0.1, server: localhost, request: "GET /accounts/login/?next=/api/swagger/ HTTP/1.1", host: "localhost", referrer: "http://localhost/api/swagger/"
2023/08/07 19:32:50 [error] 29#29: *25 "/etc/nginx/html/accounts/login/index.html" is not found (2: No such file or directory), client: 172.19.0.1, server: localhost, request: "GET /accounts/login/?next=/api/swagger/ HTTP/1.1", host: "localhost", referrer: "http://localhost/api/swagger/"
2023/08/07 19:55:13 [error] 20#20: *2 "/etc/nginx/html/accounts/login/index.html" is not found (2: No such file or directory), client: 172.19.0.1, server: localhost, request: "GET /accounts/login/?next=/api/swagger/ HTTP/1.1", host: "localhost", referrer: "http://localhost/api/swagger/"
2023/08/07 19:55:14 [error] 20#20: *2 "/etc/nginx/html/index.html" is not found (2: No such file or directory), client: 172.19.0.1, server: localhost, request: "GET / HTTP/1.1", host: "localhost"
2023/08/07 20:08:31 [error] 20#20: *1 "/etc/nginx/html/index.html" is not found (2: No such file or directory), client: 172.19.0.1, server: localhost, request: "GET / HTTP/1.1", host: "localhost"
2023/08/07 20:18:41 [error] 21#21: *2 "/etc/nginx/html/accounts/logout/index.html" is not found (2: No such file or directory), client: 172.20.0.1, server: localhost, request: "GET /accounts/logout/?next=/api/swagger/ HTTP/1.1", host: "localhost", referrer: "http://localhost/api/swagger/"
2023/08/07 20:24:38 [error] 32#32: *32 "/etc/nginx/html/accounts/login/index.html" is not found (2: No such file or directory), client: 172.20.0.1, server: localhost, request: "GET /accounts/login/?next=/api/swagger/ HTTP/1.1", host: "localhost", referrer: "http://localhost/api/swagger/"
2023/08/07 20:28:58 [error] 20#20: *1 "/etc/nginx/html/accounts/login/index.html" is not found (2: No such file or directory), client: 172.20.0.1, server: localhost, request: "GET /accounts/login/?next=/api/swagger/ HTTP/1.1", host: "localhost", referrer: "http://localhost/api/swagger/"
2023/08/07 20:40:42 [error] 22#22: *8 "/etc/nginx/html/socket.io/index.html" is not found (2: No such file or directory), client: 172.20.0.1, server: localhost, request: "GET /socket.io/?EIO=4&transport=polling&t=OdHkmOz HTTP/1.1", host: "localhost"
2023/08/07 20:40:43 [error] 22#22: *8 "/etc/nginx/html/socket.io/index.html" is not found (2: No such file or directory), client: 172.20.0.1, server: localhost, request: "GET /socket.io/?EIO=4&transport=polling&t=OdHkmea HTTP/1.1", host: "localhost"
2023/08/07 20:40:45 [error] 22#22: *8 "/etc/nginx/html/socket.io/index.html" is not found (2: No such file or directory), client: 172.20.0.1, server: localhost, request: "GET /socket.io/?EIO=4&transport=polling&t=OdHkn6a HTTP/1.1", host: "localhost"
2023/08/07 20:40:50 [error] 22#22: *8 "/etc/nginx/html/socket.io/index.html" is not found (2: No such file or directory), client: 172.20.0.1, server: localhost, request: "GET /socket.io/?EIO=4&transport=polling&t=OdHkoKp HTTP/1.1", host: "localhost"
2023/08/07 20:40:55 [error] 22#22: *8 "/etc/nginx/html/socket.io/index.html" is not found (2: No such file or directory), client: 172.20.0.1, server: localhost, request: "GET /socket.io/?EIO=4&transport=polling&t=OdHkpZ1 HTTP/1.1", host: "localhost"
2023/08/07 20:41:10 [error] 25#25: *9 "/etc/nginx/html/socket.io/index.html" is not found (2: No such file or directory), client: 172.20.0.1, server: localhost, request: "GET /socket.io/?EIO=4&transport=polling&t=OdHktIu HTTP/1.1", host: "localhost"
2023/08/07 20:41:11 [error] 25#25: *9 "/etc/nginx/html/socket.io/index.html" is not found (2: No such file or directory), client: 172.20.0.1, server: localhost, request: "GET /socket.io/?EIO=4&transport=polling&t=OdHkteq HTTP/1.1", host: "localhost"
2023/08/07 20:41:14 [error] 25#25: *9 "/etc/nginx/html/socket.io/index.html" is not found (2: No such file or directory), client: 172.20.0.1, server: localhost, request: "GET /socket.io/?EIO=4&transport=polling&t=OdHkuAs HTTP/1.1", host: "localhost"
2023/08/07 20:41:16 [error] 25#25: *9 "/etc/nginx/html/socket.io/index.html" is not found (2: No such file or directory), client: 172.20.0.1, server: localhost, request: "GET /socket.io/?EIO=4&transport=polling&t=OdHkul4 HTTP/1.1", host: "localhost"
2023/08/08 01:48:20 [error] 20#20: *2 "/etc/nginx/html/index.html" is not found (2: No such file or directory), client: 172.20.0.1, server: localhost, request: "GET / HTTP/1.1", host: "localhost"
2023/08/08 01:48:20 [error] 20#20: *2 open() "/etc/nginx/html/favicon.ico" failed (2: No such file or directory), client: 172.20.0.1, server: localhost, request: "GET /favicon.ico HTTP/1.1", host: "localhost", referrer: "http://localhost/"
2023/08/08 06:36:41 [error] 20#20: *1 open() "/etc/nginx/html/favicon.ico" failed (2: No such file or directory), client: 172.20.0.1, server: localhost, request: "GET /favicon.ico HTTP/1.1", host: "localhost", referrer: "http://localhost/api/test/"
2023/08/08 20:00:15 [error] 20#20: *1 open() "/etc/nginx/html/favicon.ico" failed (2: No such file or directory), client: 172.20.0.1, server: localhost, request: "GET /favicon.ico HTTP/1.1", host: "localhost", referrer: "http://localhost/api/swagger/"
2023/08/08 20:12:09 [error] 27#27: *14 "/etc/nginx/html/socket.io/index.html" is not found (2: No such file or directory), client: 172.20.0.1, server: localhost, request: "GET /socket.io/?EIO=4&transport=polling&t=OdMnq1g HTTP/1.1", host: "localhost", referrer: "http://localhost:3000/"
2023/08/08 20:12:09 [error] 29#29: *15 "/etc/nginx/html/socket.io/index.html" is not found (2: No such file or directory), client: 172.20.0.1, server: localhost, request: "GET /socket.io/?EIO=4&transport=polling&t=OdMnq1g.0 HTTP/1.1", host: "localhost", referrer: "http://localhost:3000/"
2023/08/08 20:12:10 [error] 29#29: *15 "/etc/nginx/html/socket.io/index.html" is not found (2: No such file or directory), client: 172.20.0.1, server: localhost, request: "GET /socket.io/?EIO=4&transport=polling&t=OdMnqFB HTTP/1.1", host: "localhost", referrer: "http://localhost:3000/"
2023/08/08 20:12:10 [error] 29#29: *15 "/etc/nginx/html/socket.io/index.html" is not found (2: No such file or directory), client: 172.20.0.1, server: localhost, request: "GET /socket.io/?EIO=4&transport=polling&t=OdMnqJx HTTP/1.1", host: "localhost", referrer: "http://localhost:3000/"
2023/08/08 20:12:12 [error] 29#29: *15 "/etc/nginx/html/socket.io/index.html" is not found (2: No such file or directory), client: 172.20.0.1, server: localhost, request: "GET /socket.io/?EIO=4&transport=polling&t=OdMnqcR HTTP/1.1", host: "localhost", referrer: "http://localhost:3000/"
2023/08/08 20:12:12 [error] 29#29: *15 "/etc/nginx/html/socket.io/index.html" is not found (2: No such file or directory), client: 172.20.0.1, server: localhost, request: "GET /socket.io/?EIO=4&transport=polling&t=OdMnqpR HTTP/1.1", host: "localhost", referrer: "http://localhost:3000/"
2023/08/08 20:12:15 [error] 29#29: *15 "/etc/nginx/html/socket.io/index.html" is not found (2: No such file or directory), client: 172.20.0.1, server: localhost, request: "GET /socket.io/?EIO=4&transport=polling&t=OdMnrU3 HTTP/1.1", host: "localhost", referrer: "http://localhost:3000/"
2023/08/08 20:12:17 [error] 29#29: *15 "/etc/nginx/html/socket.io/index.html" is not found (2: No such file or directory), client: 172.20.0.1, server: localhost, request: "GET /socket.io/?EIO=4&transport=polling&t=OdMnrqh HTTP/1.1", host: "localhost", referrer: "http://localhost:3000/"
2023/08/09 19:58:30 [error] 20#20: *1 open() "/etc/nginx/html/favicon.ico" failed (2: No such file or directory), client: 172.20.0.1, server: localhost, request: "GET /favicon.ico HTTP/1.1", host: "localhost", referrer: "http://localhost/api/swagger/"
2023/08/09 20:28:18 [error] 23#23: *8 recv() failed (104: Connection reset by peer) while reading response header from upstream, client: 172.20.0.1, server: localhost, request: "GET /admin/chat/room/ HTTP/1.1", upstream: "http://172.20.0.5:8000/admin/chat/room/", host: "localhost", referrer: "http://localhost/admin/chat/message/?room__id__exact=e80f7bfa-cae4-4a25-b7ca-801fdd406d98"
2023/08/15 14:16:44 [error] 22#22: *5 open() "/etc/nginx/html/favicon.ico" failed (2: No such file or directory), client: 172.20.0.1, server: localhost, request: "GET /favicon.ico HTTP/1.1", host: "localhost", referrer: "http://localhost/api/v1/auth/"
2023/08/25 10:47:52 [error] 21#21: *1 open() "/etc/nginx/html/favicon.ico" failed (2: No such file or directory), client: 172.20.0.1, server: localhost, request: "GET /favicon.ico HTTP/1.1", host: "localhost", referrer: "http://localhost/admin/"
2023/08/29 16:11:14 [error] 20#20: *1 open() "/etc/nginx/html/favicon.ico" failed (2: No such file or directory), client: 172.20.0.1, server: localhost, request: "GET /favicon.ico HTTP/1.1", host: "localhost", referrer: "http://localhost/api/v1/chat/room/"
2023/08/29 16:17:16 [error] 20#20: *1 client intended to send too large body: 1816982 bytes, client: 172.20.0.1, server: localhost, request: "PUT /api/v1/auth/users/me/ HTTP/1.1", host: "localhost", referrer: "http://localhost/api/v1/auth/users/me/"
2023/08/29 16:17:37 [error] 21#21: *2 open() "/etc/nginx/html/photo_2023-07-08_16-09-05.jpg" failed (2: No such file or directory), client: 172.20.0.1, server: localhost, request: "GET /photo_2023-07-08_16-09-05.jpg HTTP/1.1", host: "localhost", referrer: "http://localhost/api/v1/auth/users/me/"
2023/08/29 16:24:20 [error] 25#25: *19 open() "/var/www/django/media/avatar/2023-08-29-16-23-S/0005_photo_2023-07-08_16-09-05_stock.png" failed (2: No such file or directory), client: 172.20.0.1, server: localhost, request: "GET /media/avatar/2023-08-29-16-23-S/0005_photo_2023-07-08_16-09-05_stock.png HTTP/1.1", host: "localhost", referrer: "http://localhost/api/v1/auth/users/me/"
2023/08/29 16:54:37 [error] 37#37: *85 open() "/etc/nginx/html/favicon.ico" failed (2: No such file or directory), client: 172.20.0.1, server: localhost, request: "GET /favicon.ico HTTP/1.1", host: "localhost", referrer: "http://localhost/api/v1/chat/room/"
2023/08/29 17:22:39 [error] 43#43: *101 open() "/etc/nginx/html/favicon.ico" failed (2: No such file or directory), client: 172.20.0.1, server: localhost, request: "GET /favicon.ico HTTP/1.1", host: "localhost", referrer: "http://localhost/api/v1/chat/room/"
2023/08/29 17:56:49 [error] 21#21: *2 open() "/etc/nginx/html/favicon.ico" failed (2: No such file or directory), client: 172.20.0.1, server: localhost, request: "GET /favicon.ico HTTP/1.1", host: "localhost", referrer: "http://localhost/api/v1/chat/room/"
2023/08/29 19:04:39 [error] 20#20: *1 "/etc/nginx/html/index.html" is not found (2: No such file or directory), client: 172.20.0.1, server: localhost, request: "GET / HTTP/1.1", host: "localhost"
2023/08/29 19:04:43 [error] 20#20: *1 "/etc/nginx/html/index.html" is not found (2: No such file or directory), client: 172.20.0.1, server: localhost, request: "GET / HTTP/1.1", host: "localhost"
